// Jest Snapshot v1, https://goo.gl/fbAQLP

exports[`<InputSearch Should match snapshot 1`] = `
<input
  placeholder="Search for movies"
  type="search"
  value=""
/>
`;
