// Jest Snapshot v1, https://goo.gl/fbAQLP

exports[`<CardFilms /> Should match snapshot 1`] = `
<div
  class="card"
>
  <img
    alt="title 01"
    src="img/img.png"
  />
  <div
    class="film-content"
  >
    <h2>
      title 01
    </h2>
    <p>
      body 01
    </p>
  </div>
</div>
`;
